Report time       : Mon Nov  2 20:55:04 SLST 2020.
Solution          : solution1.
Simulation tool   : xsim.

+----------+----------+-----------------------------------------------+-----------------------------------------------+
|          |          |                    Latency                    |                    Interval                   |
+   RTL    +  Status  +-----------------------------------------------+-----------------------------------------------+
|          |          |      min      |      avg      |      max      |      min      |      avg      |      max      |
+----------+----------+-----------------------------------------------+-----------------------------------------------+
|      VHDL|        NA|           1562|           1562|           1562|             NA|             NA|             NA|
|   Verilog|      Pass|           1563|           1563|           1563|           1564|           1564|           1564|
+----------+----------+-----------------------------------------------+-----------------------------------------------+
