

================================================================
== Vivado HLS Report for 'compose_mac_frame'
================================================================
* Date:           Sun Nov  8 21:11:01 2020

* Version:        2019.2 (Build 2704478 on Wed Nov 06 22:10:23 MST 2019)
* Project:        fyp
* Solution:       solution1
* Product family: artix7
* Target device:  xc7a35t-cpg236-1


================================================================
== Performance Estimates
================================================================
+ Timing: 
    * Summary: 
    +--------+----------+----------+------------+
    |  Clock |  Target  | Estimated| Uncertainty|
    +--------+----------+----------+------------+
    |ap_clk  | 10.00 ns | 6.316 ns |   1.25 ns  |
    +--------+----------+----------+------------+

+ Latency: 
    * Summary: 
    +---------+---------+-----------+-----------+------+------+---------+
    |  Latency (cycles) |   Latency (absolute)  |   Interval  | Pipeline|
    |   min   |   max   |    min    |    max    |  min |  max |   Type  |
    +---------+---------+-----------+-----------+------+------+---------+
    |     1215|     1215| 12.150 us | 12.150 us |  1215|  1215|   none  |
    +---------+---------+-----------+-----------+------+------+---------+

    + Detail: 
        * Instance: 
        N/A

        * Loop: 
        +---------------------------+---------+---------+----------+-----------+-----------+------+----------+
        |                           |  Latency (cycles) | Iteration|  Initiation Interval  | Trip |          |
        |         Loop Name         |   min   |   max   |  Latency |  achieved |   target  | Count| Pipelined|
        +---------------------------+---------+---------+----------+-----------+-----------+------+----------+
        |- Loop 1                   |      140|      140|         2|          -|          -|    70|    no    |
        |- char_array_loop          |     1056|     1056|        11|          -|          -|    96|    no    |
        | + iter_through_byte_loop  |        8|        8|         1|          -|          -|     8|    no    |
        |- Loop 3                   |        4|        4|         1|          -|          -|     4|    no    |
        +---------------------------+---------+---------+----------+-----------+-----------+------+----------+



================================================================
== Utilization Estimates
================================================================
* Summary: 
+-----------------+---------+-------+-------+-------+-----+
|       Name      | BRAM_18K| DSP48E|   FF  |  LUT  | URAM|
+-----------------+---------+-------+-------+-------+-----+
|DSP              |        -|      -|      -|      -|    -|
|Expression       |        -|      -|      0|    363|    -|
|FIFO             |        -|      -|      -|      -|    -|
|Instance         |        -|      -|      -|      -|    -|
|Memory           |        -|      -|      -|      -|    -|
|Multiplexer      |        -|      -|      -|    388|    -|
|Register         |        -|      -|    118|      -|    -|
+-----------------+---------+-------+-------+-------+-----+
|Total            |        0|      0|    118|    751|    0|
+-----------------+---------+-------+-------+-------+-----+
|Available        |      100|     90|  41600|  20800|    0|
+-----------------+---------+-------+-------+-------+-----+
|Utilization (%)  |        0|      0|   ~0  |      3|    0|
+-----------------+---------+-------+-------+-------+-----+

+ Detail: 
    * Instance: 
    N/A

    * DSP48E: 
    N/A

    * Memory: 
    N/A

    * FIFO: 
    N/A

    * Expression: 
    +-----------------------+----------+-------+---+-----+------------+------------+
    |     Variable Name     | Operation| DSP48E| FF| LUT | Bitwidth P0| Bitwidth P1|
    +-----------------------+----------+-------+---+-----+------------+------------+
    |add_ln67_fu_618_p2     |     +    |      0|  0|   15|           7|           5|
    |i_fu_635_p2            |     +    |      0|  0|   15|           7|           1|
    |j_1_fu_677_p2          |     +    |      0|  0|   13|           4|           1|
    |j_fu_602_p2            |     +    |      0|  0|   15|           7|           1|
    |k_fu_726_p2            |     +    |      0|  0|   12|           3|           1|
    |sub_ln74_fu_758_p2     |     -    |      0|  0|   15|           6|           6|
    |icmp_ln11_fu_671_p2    |   icmp   |      0|  0|   11|           4|           5|
    |icmp_ln66_fu_596_p2    |   icmp   |      0|  0|   11|           7|           7|
    |icmp_ln73_fu_720_p2    |   icmp   |      0|  0|    9|           3|           4|
    |icmp_ln8_fu_629_p2     |   icmp   |      0|  0|   11|           7|           7|
    |lshr_ln74_fu_748_p2    |   lshr   |      0|  0|  101|          32|          32|
    |qos_h_1_fu_585_p2      |    or    |      0|  0|    7|           7|           3|
    |remainder_3_fu_703_p3  |  select  |      0|  0|   32|           1|          32|
    |crc_1_fu_646_p2        |    xor   |      0|  0|   32|          32|           2|
    |remainder_2_fu_697_p2  |    xor   |      0|  0|   32|          32|          27|
    |remainder_fu_660_p2    |    xor   |      0|  0|   32|          32|          32|
    +-----------------------+----------+-------+---+-----+------------+------------+
    |Total                  |          |      0|  0|  363|         191|         166|
    +-----------------------+----------+-------+---+-----+------------+------------+

    * Multiplexer: 
    +--------------------------+----+-----------+-----+-----------+
    |           Name           | LUT| Input Size| Bits| Total Bits|
    +--------------------------+----+-----------+-----+-----------+
    |ap_NS_fsm                 |  97|         20|    1|         20|
    |crc_fu_138                |  15|          3|   32|         96|
    |i_0_i_reg_517             |   9|          2|    7|         14|
    |j_0_i_reg_528             |   9|          2|    4|          8|
    |j_0_reg_505               |   9|          2|    7|         14|
    |k_0_reg_539               |   9|          2|    3|          6|
    |mac_frame_address0        |  65|         16|    7|        112|
    |mac_frame_address1        |  62|         15|    7|        105|
    |mac_frame_d0              |  44|          9|    8|         72|
    |mac_frame_d1              |  27|          5|    8|         40|
    |source_addr_mac_address0  |  21|          4|    3|         12|
    |source_addr_mac_address1  |  21|          4|    3|         12|
    +--------------------------+----+-----------+-----+-----------+
    |Total                     | 388|         84|   90|        511|
    +--------------------------+----+-----------+-----+-----------+

    * Register: 
    +---------------+----+----+-----+-----------+
    |      Name     | FF | LUT| Bits| Const Bits|
    +---------------+----+----+-----+-----------+
    |ap_CS_fsm      |  19|   0|   19|          0|
    |crc_1_reg_837  |  32|   0|   32|          0|
    |crc_fu_138     |  32|   0|   32|          0|
    |i_0_i_reg_517  |   7|   0|    7|          0|
    |i_reg_827      |   7|   0|    7|          0|
    |j_0_i_reg_528  |   4|   0|    4|          0|
    |j_0_reg_505    |   7|   0|    7|          0|
    |j_reg_806      |   7|   0|    7|          0|
    |k_0_reg_539    |   3|   0|    3|          0|
    +---------------+----+----+-----+-----------+
    |Total          | 118|   0|  118|          0|
    +---------------+----+----+-----+-----------+



================================================================
== Interface
================================================================
* Summary: 
+--------------------------+-----+-----+------------+-------------------+--------------+
|         RTL Ports        | Dir | Bits|  Protocol  |   Source Object   |    C Type    |
+--------------------------+-----+-----+------------+-------------------+--------------+
|ap_clk                    |  in |    1| ap_ctrl_hs | compose_mac_frame | return value |
|ap_rst                    |  in |    1| ap_ctrl_hs | compose_mac_frame | return value |
|ap_start                  |  in |    1| ap_ctrl_hs | compose_mac_frame | return value |
|ap_done                   | out |    1| ap_ctrl_hs | compose_mac_frame | return value |
|ap_idle                   | out |    1| ap_ctrl_hs | compose_mac_frame | return value |
|ap_ready                  | out |    1| ap_ctrl_hs | compose_mac_frame | return value |
|source_addr_mac_address0  | out |    3|  ap_memory |  source_addr_mac  |     array    |
|source_addr_mac_ce0       | out |    1|  ap_memory |  source_addr_mac  |     array    |
|source_addr_mac_q0        |  in |    8|  ap_memory |  source_addr_mac  |     array    |
|source_addr_mac_address1  | out |    3|  ap_memory |  source_addr_mac  |     array    |
|source_addr_mac_ce1       | out |    1|  ap_memory |  source_addr_mac  |     array    |
|source_addr_mac_q1        |  in |    8|  ap_memory |  source_addr_mac  |     array    |
|seqnumber                 |  in |   12|   ap_none  |     seqnumber     |    scalar    |
|up                        |  in |    4|   ap_none  |         up        |    scalar    |
|data_address0             | out |    7|  ap_memory |        data       |     array    |
|data_ce0                  | out |    1|  ap_memory |        data       |     array    |
|data_q0                   |  in |    8|  ap_memory |        data       |     array    |
|mac_frame_address0        | out |    7|  ap_memory |     mac_frame     |     array    |
|mac_frame_ce0             | out |    1|  ap_memory |     mac_frame     |     array    |
|mac_frame_we0             | out |    1|  ap_memory |     mac_frame     |     array    |
|mac_frame_d0              | out |    8|  ap_memory |     mac_frame     |     array    |
|mac_frame_address1        | out |    7|  ap_memory |     mac_frame     |     array    |
|mac_frame_ce1             | out |    1|  ap_memory |     mac_frame     |     array    |
|mac_frame_we1             | out |    1|  ap_memory |     mac_frame     |     array    |
|mac_frame_d1              | out |    8|  ap_memory |     mac_frame     |     array    |
|mac_frame_q1              |  in |    8|  ap_memory |     mac_frame     |     array    |
+--------------------------+-----+-----+------------+-------------------+--------------+

