

================================================================
== Vivado HLS Report for 'enqueue_dequeue_fram'
================================================================
* Date:           Fri Oct 30 21:10:54 2020

* Version:        2019.2 (Build 2704478 on Wed Nov 06 22:10:23 MST 2019)
* Project:        fyp
* Solution:       solution1
* Product family: artix7
* Target device:  xc7a35t-cpg236-1


================================================================
== Performance Estimates
================================================================
+ Timing: 
    * Summary: 
    +--------+----------+----------+------------+
    |  Clock |  Target  | Estimated| Uncertainty|
    +--------+----------+----------+------------+
    |ap_clk  | 10.00 ns | 5.486 ns |   1.25 ns  |
    +--------+----------+----------+------------+

+ Latency: 
    * Summary: 
    +---------+---------+-----------+----------+-----+-----+---------+
    |  Latency (cycles) |  Latency (absolute)  |  Interval | Pipeline|
    |   min   |   max   |    min    |    max   | min | max |   Type  |
    +---------+---------+-----------+----------+-----+-----+---------+
    |        1|      202| 10.000 ns | 2.020 us |    1|  202|   none  |
    +---------+---------+-----------+----------+-----+-----+---------+

    + Detail: 
        * Instance: 
        N/A

        * Loop: 
        +---------------+---------+---------+----------+-----------+-----------+------+----------+
        |               |  Latency (cycles) | Iteration|  Initiation Interval  | Trip |          |
        |   Loop Name   |   min   |   max   |  Latency |  achieved |   target  | Count| Pipelined|
        +---------------+---------+---------+----------+-----------+-----------+------+----------+
        |- write_to_bk  |      200|      200|         2|          -|          -|   100|    no    |
        |- write_to_be  |      200|      200|         2|          -|          -|   100|    no    |
        |- write_to_vi  |      200|      200|         2|          -|          -|   100|    no    |
        |- write_to_vo  |      200|      200|         2|          -|          -|   100|    no    |
        +---------------+---------+---------+----------+-----------+-----------+------+----------+



================================================================
== Utilization Estimates
================================================================
* Summary: 
+-----------------+---------+-------+-------+-------+-----+
|       Name      | BRAM_18K| DSP48E|   FF  |  LUT  | URAM|
+-----------------+---------+-------+-------+-------+-----+
|DSP              |        -|      -|      -|      -|    -|
|Expression       |        -|      0|      0|    512|    -|
|FIFO             |        -|      -|      -|      -|    -|
|Instance         |        -|      -|      -|      -|    -|
|Memory           |        1|      -|      0|      0|    0|
|Multiplexer      |        -|      -|      -|    149|    -|
|Register         |        -|      -|    172|      -|    -|
+-----------------+---------+-------+-------+-------+-----+
|Total            |        1|      0|    172|    661|    0|
+-----------------+---------+-------+-------+-------+-----+
|Available        |      100|     90|  41600|  20800|    0|
+-----------------+---------+-------+-------+-------+-----+
|Utilization (%)  |        1|      0|   ~0  |      3|    0|
+-----------------+---------+-------+-------+-------+-----+

+ Detail: 
    * Instance: 
    N/A

    * DSP48E: 
    N/A

    * Memory: 
    +---------------+----------------------+---------+---+----+-----+------+-----+------+-------------+
    |     Memory    |        Module        | BRAM_18K| FF| LUT| URAM| Words| Bits| Banks| W*Bits*Banks|
    +---------------+----------------------+---------+---+----+-----+------+-----+------+-------------+
    |edca_queues_U  |enqueue_dequeue_fbkb  |        1|  0|   0|    0|  1600|    8|     1|        12800|
    +---------------+----------------------+---------+---+----+-----+------+-----+------+-------------+
    |Total          |                      |        1|  0|   0|    0|  1600|    8|     1|        12800|
    +---------------+----------------------+---------+---+----+-----+------+-----+------+-------------+

    * FIFO: 
    N/A

    * Expression: 
    +-----------------------+----------+-------+---+----+------------+------------+
    |     Variable Name     | Operation| DSP48E| FF| LUT| Bitwidth P0| Bitwidth P1|
    +-----------------------+----------+-------+---+----+------------+------------+
    |mul_ln57_fu_346_p2     |     *    |      0|  0|  33|           2|           7|
    |mul_ln70_fu_322_p2     |     *    |      0|  0|  33|           2|           7|
    |mul_ln83_fu_298_p2     |     *    |      0|  0|  33|           2|           7|
    |mul_ln96_fu_274_p2     |     *    |      0|  0|  33|           2|           7|
    |add_ln101_fu_378_p2    |     +    |      0|  0|  10|           2|           1|
    |add_ln102_fu_389_p2    |     +    |      0|  0|  12|           3|           2|
    |add_ln57_fu_559_p2     |     +    |      0|  0|  16|           9|           9|
    |add_ln62_fu_564_p2     |     +    |      0|  0|  10|           2|           1|
    |add_ln63_fu_575_p2     |     +    |      0|  0|  12|           3|           2|
    |add_ln70_1_fu_527_p2   |     +    |      0|  0|  17|          10|           9|
    |add_ln70_fu_497_p2     |     +    |      0|  0|  16|           9|           9|
    |add_ln75_fu_502_p2     |     +    |      0|  0|  10|           2|           1|
    |add_ln76_fu_513_p2     |     +    |      0|  0|  12|           3|           2|
    |add_ln83_1_fu_465_p2   |     +    |      0|  0|  18|          11|          10|
    |add_ln83_fu_435_p2     |     +    |      0|  0|  16|           9|           9|
    |add_ln88_fu_440_p2     |     +    |      0|  0|  10|           2|           1|
    |add_ln89_fu_451_p2     |     +    |      0|  0|  12|           3|           2|
    |add_ln96_1_fu_403_p2   |     +    |      0|  0|  18|          11|          11|
    |add_ln96_fu_373_p2     |     +    |      0|  0|  16|           9|           9|
    |be_fu_486_p2           |     +    |      0|  0|  15|           7|           1|
    |bk_fu_548_p2           |     +    |      0|  0|  15|           7|           1|
    |vi_fu_424_p2           |     +    |      0|  0|  15|           7|           1|
    |vo_fu_362_p2           |     +    |      0|  0|  15|           7|           1|
    |icmp_ln52_fu_226_p2    |   icmp   |      0|  0|   8|           2|           1|
    |icmp_ln53_fu_332_p2    |   icmp   |      0|  0|   9|           3|           1|
    |icmp_ln56_fu_542_p2    |   icmp   |      0|  0|  11|           7|           6|
    |icmp_ln65_fu_232_p2    |   icmp   |      0|  0|   8|           2|           1|
    |icmp_ln66_fu_308_p2    |   icmp   |      0|  0|   9|           3|           1|
    |icmp_ln69_fu_480_p2    |   icmp   |      0|  0|  11|           7|           6|
    |icmp_ln78_fu_238_p2    |   icmp   |      0|  0|   9|           2|           3|
    |icmp_ln79_fu_284_p2    |   icmp   |      0|  0|   9|           3|           1|
    |icmp_ln82_fu_418_p2    |   icmp   |      0|  0|  11|           7|           6|
    |icmp_ln92_1_fu_254_p2  |   icmp   |      0|  0|   9|           3|           1|
    |icmp_ln92_fu_244_p2    |   icmp   |      0|  0|   8|           2|           2|
    |icmp_ln95_fu_356_p2    |   icmp   |      0|  0|  11|           7|           6|
    |or_ln92_fu_260_p2      |    or    |      0|  0|   2|           1|           1|
    +-----------------------+----------+-------+---+----+------------+------------+
    |Total                  |          |      0|  0| 512|         173|         146|
    +-----------------------+----------+-------+---+----+------------+------------+

    * Multiplexer: 
    +----------------------+----+-----------+-----+-----------+
    |         Name         | LUT| Input Size| Bits| Total Bits|
    +----------------------+----+-----------+-----+-----------+
    |ap_NS_fsm             |  50|         11|    1|         11|
    |ap_return             |   9|          2|    1|          2|
    |be_0_reg_173          |   9|          2|    7|         14|
    |bk_0_reg_184          |   9|          2|    7|         14|
    |edca_queues_address0  |  27|          5|   11|         55|
    |inout_frame_address0  |  27|          5|    7|         35|
    |vi_0_reg_162          |   9|          2|    7|         14|
    |vo_0_reg_151          |   9|          2|    7|         14|
    +----------------------+----+-----------+-----+-----------+
    |Total                 | 149|         31|   48|        159|
    +----------------------+----+-----------+-----+-----------+

    * Register: 
    +-------------------------------+----+----+-----+-----------+
    |              Name             | FF | LUT| Bits| Const Bits|
    +-------------------------------+----+----+-----+-----------+
    |add_ln57_reg_738               |   9|   0|    9|          0|
    |add_ln70_reg_720               |   9|   0|    9|          0|
    |add_ln83_reg_702               |   9|   0|    9|          0|
    |add_ln96_reg_684               |   9|   0|    9|          0|
    |ap_CS_fsm                      |  10|   0|   10|          0|
    |ap_return_preg                 |   1|   0|    1|          0|
    |available_spaces_be            |   3|   0|    3|          0|
    |available_spaces_be_s_reg_635  |   3|   0|    3|          0|
    |available_spaces_bk            |   3|   0|    3|          0|
    |available_spaces_bk_s_reg_653  |   3|   0|    3|          0|
    |available_spaces_vi            |   3|   0|    3|          0|
    |available_spaces_vi_s_reg_617  |   3|   0|    3|          0|
    |available_spaces_vo            |   3|   0|    3|          0|
    |available_spaces_vo_s_reg_599  |   3|   0|    3|          0|
    |be_0_reg_173                   |   7|   0|    7|          0|
    |be_reg_710                     |   7|   0|    7|          0|
    |bk_0_reg_184                   |   7|   0|    7|          0|
    |bk_reg_728                     |   7|   0|    7|          0|
    |mul_ln57_reg_666               |   7|   0|    9|          2|
    |mul_ln70_reg_648               |   7|   0|    9|          2|
    |mul_ln83_reg_630               |   7|   0|    9|          2|
    |mul_ln96_reg_612               |   7|   0|    9|          2|
    |p_0_reg_195                    |   1|   0|    1|          0|
    |vi_0_reg_162                   |   7|   0|    7|          0|
    |vi_reg_692                     |   7|   0|    7|          0|
    |vo_0_reg_151                   |   7|   0|    7|          0|
    |vo_reg_674                     |   7|   0|    7|          0|
    |write_pointer_be               |   2|   0|    2|          0|
    |write_pointer_be_loa_reg_643   |   2|   0|    2|          0|
    |write_pointer_bk               |   2|   0|    2|          0|
    |write_pointer_bk_loa_reg_661   |   2|   0|    2|          0|
    |write_pointer_vi               |   2|   0|    2|          0|
    |write_pointer_vi_loa_reg_625   |   2|   0|    2|          0|
    |write_pointer_vo               |   2|   0|    2|          0|
    |write_pointer_vo_loa_reg_607   |   2|   0|    2|          0|
    +-------------------------------+----+----+-----+-----------+
    |Total                          | 172|   0|  180|          8|
    +-------------------------------+----+----+-----+-----------+



================================================================
== Interface
================================================================
* Summary: 
+----------------------+-----+-----+------------+----------------------+--------------+
|       RTL Ports      | Dir | Bits|  Protocol  |     Source Object    |    C Type    |
+----------------------+-----+-----+------------+----------------------+--------------+
|ap_clk                |  in |    1| ap_ctrl_hs | enqueue_dequeue_fram | return value |
|ap_rst                |  in |    1| ap_ctrl_hs | enqueue_dequeue_fram | return value |
|ap_start              |  in |    1| ap_ctrl_hs | enqueue_dequeue_fram | return value |
|ap_done               | out |    1| ap_ctrl_hs | enqueue_dequeue_fram | return value |
|ap_idle               | out |    1| ap_ctrl_hs | enqueue_dequeue_fram | return value |
|ap_ready              | out |    1| ap_ctrl_hs | enqueue_dequeue_fram | return value |
|ap_return             | out |    1| ap_ctrl_hs | enqueue_dequeue_fram | return value |
|ac                    |  in |    2|   ap_none  |          ac          |    scalar    |
|inout_frame_address0  | out |    7|  ap_memory |      inout_frame     |     array    |
|inout_frame_ce0       | out |    1|  ap_memory |      inout_frame     |     array    |
|inout_frame_q0        |  in |    8|  ap_memory |      inout_frame     |     array    |
+----------------------+-----+-----+------------+----------------------+--------------+

